// Jest Snapshot v1, https://goo.gl/fbAQLP

exports[`Render matches snapshot 1`] = `
<React.Fragment>
  <span
    className="cards-content"
  >
    <h3>
      To Do
    </h3>
    <UNDEFINED />
  </span>
</React.Fragment>
`;
